Unity Editor version:    6000.5.9f1 (b57deb96f08d)
Branch:                  6000.5/staging
Build type:              Release
Batch mode:              NO
System name:             Linux
Distro version:          #29~24.04.2-Ubuntu SMP PREEMPT_DYNAMIC Wed Aug 12 17:25:56 UTC 2
Kernel version:          7.0.0-29-generic
Architecture:            x86_64
Available memory:        11832 MB
Date:                    2026-08-22T14:26:46Z
[Licensing::Module] Trying to connect to existing licensing client channel...
[Licensing::IpcConnector] Successfully connected to: "LicenseClient-turker" at "2026-08-22T14:26:46.373053Z"
[SignatureVerifier] Application signature verification not supported on this platform.
[Licensing::Client] Error: HandshakeResponse reported an error:
	ResponseCode: 505
	ResponseStatus: Unsupported protocol version '1.18.3'.
[Licensing::Module] Error: Failed to handshake to channel: "LicenseClient-turker"
[Licensing::IpcConnector] LicenseClient-turker channel disconnected successfully.
[Licensing::IpcConnector] Channel LicenseClient-turker-6000.5.9 doesn't exist
[Licensing::Module] Successfully launched the LicensingClient (PId: 107447)
Selected window backend: (null) 
Desktop is 1366 x 768 @ 60 Hz
Initialize udev device monitor.

COMMAND LINE ARGUMENTS:
/home/turker/Unity/Hub/Editor/6000.5.9f1/Editor/Unity
-projectpath
/home/turker/Documents/playground/ocean-battle-royale
-acceptSoftwareTermsForThisRunOnly
-useHub
-hubIPC
-cloudEnvironment
production
-licensingIpc
LicenseClient-turker
-hubSessionId
3e720401-a73f-4a3d-8e76-f739b76d8624
-accessToken
gt_8aYM_0F7MLMH4X_EhumuXjS9JX4TVfzA3ZGys2Q4011f
Successfully changed project path to: /home/turker/Documents/playground/ocean-battle-royale
/home/turker/Documents/playground/ocean-battle-royale
[UnityMemory] Configuration Parameters - Can be set up in boot.config
    "memorysetup-temp-allocator-size-gi-baking-worker=262144"
    "memorysetup-temp-allocator-size-gi-baking-worker=262144"
    "memorysetup-temp-allocator-size-gi-baking-worker=262144"
    "memorysetup-temp-allocator-size-gi-baking-worker=262144"
    "memorysetup-temp-allocator-size-gi-baking-worker=262144"
    "memorysetup-temp-allocator-size-nav-mesh-worker=65536"
    "memorysetup-temp-allocator-size-audio-worker=65536"
    "memorysetup-temp-allocator-size-cloud-worker=32768"
    "memorysetup-allocator-temp-initial-block-size-main=262144"
    "memorysetup-allocator-temp-initial-block-size-worker=262144"
    "memorysetup-temp-allocator-size-preload-manager=33554432"
    "memorysetup-remapper-allocator-initial-capacity=32768"
    "memorysetup-temp-allocator-size-gfx=262144"
    "memorysetup-temp-allocator-size-background-worker=32768"
    "memorysetup-temp-allocator-size-job-worker=262144"
    "memorysetup-bucket-allocator-granularity=16"
    "memorysetup-bucket-allocator-bucket-count=8"
    "memorysetup-bucket-allocator-block-size=33554432"
    "memorysetup-bucket-allocator-block-count=8"
    "memorysetup-main-allocator-block-size=16777216"
    "memorysetup-thread-allocator-block-size=16777216"
    "memorysetup-main-allocator-mimalloc-enabled=0"
    "memorysetup-gfx-main-allocator-block-size=16777216"
    "memorysetup-gfx-thread-allocator-block-size=16777216"
    "memorysetup-cache-allocator-block-size=4194304"
    "memorysetup-typetree-allocator-block-size=2097152"
    "memorysetup-profiler-bucket-allocator-granularity=16"
    "memorysetup-profiler-bucket-allocator-bucket-count=8"
    "memorysetup-profiler-bucket-allocator-block-size=33554432"
    "memorysetup-profiler-bucket-allocator-block-count=8"
    "memorysetup-profiler-allocator-block-size=16777216"
    "memorysetup-profiler-editor-allocator-block-size=1048576"
    "memorysetup-temp-allocator-size-main=16777216"
    "memorysetup-job-temp-allocator-block-size=2097152"
    "memorysetup-job-temp-allocator-block-size-background=1048576"
    "memorysetup-job-temp-allocator-reduction-small-platforms=262144"
Player connection [129447314201408]  Target information:

Player connection [129447314201408]  * "[IP] 192.168.1.237 [Port] 55504 [Flags] 2 [Guid] 2145113489 [EditorId] 2145113489 [Version] 1048832 [Id] LinuxEditor(16,192.168.1.237) [Debug] 1 [PackageName] LinuxEditor [ProjectName] Editor" 

Player connection [129447314201408]  * "[IP] 100.73.184.3 [Port] 55504 [Flags] 2 [Guid] 2145113489 [EditorId] 2145113489 [Version] 1048832 [Id] LinuxEditor(16,192.168.1.237) [Debug] 1 [PackageName] LinuxEditor [ProjectName] Editor" 

Player connection [129447314201408]  * "[IP] 172.17.0.1 [Port] 55504 [Flags] 2 [Guid] 2145113489 [EditorId] 2145113489 [Version] 1048832 [Id] LinuxEditor(16,192.168.1.237) [Debug] 1 [PackageName] LinuxEditor [ProjectName] Editor" 

Player connection [129447314201408] Host joined multi-casting on [225.0.0.222:54997]...
Player connection [129447314201408] Host joined alternative multi-casting on [225.0.0.222:34997]...
Input System module state changed to: Initialized.
[Physics::Module] Initialized fallback backend.
[Physics::Module] Id: 0xdecafbad
[Licensing::IpcConnector] Successfully connected to: "LicenseClient-turker-6000.5.9" at "2026-08-22T14:26:49.446323Z"
[SignatureVerifier] Application signature verification not supported on this platform.
[Licensing::Client] Handshaking with LicensingClient:
  Version:                 1.18.3+d7ffd15
  Session Id:              dd696b4b636641e6839c407a337a5931
  Correlation Id:          d1b175655cbcbb37bdf04051ff49666c
  External correlation Id: 5407651171075638556
  Machine Id:              HJ7o9NIMVlPMRnha+UDdyASarUQ=
[Licensing::Module] Successfully connected to LicensingClient on channel: "LicenseClient-turker-6000.5.9" (connect: 2.98s, validation: 0.70s, handshake: 0.00s)
[Licensing::IpcConnector] Successfully connected to: "LicenseClient-turker-6000.5.9-notifications" at "2026-08-22T14:26:50.150531Z"
[Licensing::Module] Connected to LicensingClient (PId: 107447, launch time: 0.02, total connection time: 3.69s)
[Licensing::Client] Successfully updated the access token
[Licensing::Module] Successfully updated the access token gt_8aYM_0F...
[Licensing::Client] Successfully resolved entitlement details
[Licensing::Module] License group:
  Id: 2977878-UnityPersXXXX
  Product: Unity Personal
  Type: Assigned
  Expiration: Unlimited
[Licensing::Client] Successfully updated license, isAsync: True, time: 0.17
[Licensing::Client] Successfully resolved entitlement details
[Licensing::Module] Licensing Background thread has ended after 4.62s
[Package Manager] Connected to IPC stream "Upm-107438" after 1.8 seconds.
[Licensing::Client] Successfully resolved entitlement details
Library Redirect Path: Library/

SDL leaked 2 allocations
Turn on UNITY_SDL_ALLOCATION_TRACKING for detailed information.
