
=== Sat Aug 22 17:01:33 2026

Packages were changed.
Update Mode: updateDependencies

The following packages were added:
  com.unity.2d.tilemap@1.0.0
  com.unity.analytics@3.8.2
  com.unity.collab-proxy@2.13.6
  com.unity.ide.rider@3.0.38
  com.unity.ide.visualstudio@2.0.26
  com.unity.modules.adaptiveperformance@1.0.0
  com.unity.modules.ai@1.0.0
  com.unity.modules.androidjni@1.0.0
  com.unity.modules.animation@1.0.0
  com.unity.modules.assetbundle@1.0.0
  com.unity.modules.audio@1.0.0
  com.unity.modules.cloth@1.0.0
  com.unity.modules.director@1.0.0
  com.unity.modules.imageconversion@1.0.0
  com.unity.modules.imgui@1.0.0
  com.unity.modules.jsonserialize@1.0.0
  com.unity.modules.particlesystem@1.0.0
  com.unity.modules.physics@1.0.0
  com.unity.modules.physics2d@1.0.0
  com.unity.modules.physicscore2d@1.0.0
  com.unity.modules.screencapture@1.0.0
  com.unity.modules.terrain@1.0.0
  com.unity.modules.terrainphysics@1.0.0
  com.unity.modules.tilemap@1.0.0
  com.unity.modules.ui@1.0.0
  com.unity.modules.uielements@1.0.0
  com.unity.modules.umbra@1.0.0
  com.unity.modules.unityanalytics@1.0.0
  com.unity.modules.unitywebrequest@1.0.0
  com.unity.modules.unitywebrequestassetbundle@1.0.0
  com.unity.modules.unitywebrequestaudio@1.0.0
  com.unity.modules.unitywebrequesttexture@1.0.0
  com.unity.modules.unitywebrequestwww@1.0.0
  com.unity.modules.vectorgraphics@1.0.0
  com.unity.modules.vehicles@1.0.0
  com.unity.modules.video@1.0.0
  com.unity.modules.wind@1.0.0
  com.unity.modules.xr@1.0.0
  com.unity.purchasing@4.15.1
  com.unity.test-framework@1.7.0
  com.unity.xr.legacyinputhelpers@3.0.1
  com.unity.modules.accessibility@1.0.0
  com.unity.multiplayer.center@1.0.1
The following packages were updated:
  com.unity.2d.animation from version 6.0.2 to 15.1.0
  com.unity.2d.common from version 5.0.2 to 14.0.1
  com.unity.2d.pixel-perfect from version 4.0.2 to 6.0.0
  com.unity.2d.psdimporter from version 5.0.2 to 14.0.3
  com.unity.2d.tilemap.extras from version 2.1.0 to 8.0.3
  com.unity.ai.navigation from version 1.1.3 to 2.0.14
  com.unity.burst from version 1.8.4 to 1.8.30
  com.unity.cinemachine from version 2.9.7 to 2.10.7
  com.unity.collections from version 2.1.0 to 6.5.0
  com.unity.entities from version 1.2.3 to 6.5.0
  com.unity.entities.graphics from version 1.2.3 to 6.5.0
  com.unity.inputsystem from version 1.7.0 to 1.20.0
  com.unity.mathematics from version 1.3.2 to 1.4.0
  com.unity.memoryprofiler from version 1.1.0 to 1.1.12
  com.unity.netcode.gameobjects from version 1.8.0 to 2.13.1
  com.unity.nuget.newtonsoft-json from version 3.2.1 to 3.2.2
  com.unity.postprocessing from version 3.2.2 to 3.5.4
  com.unity.render-pipelines.universal from version 14.0.11 to 17.5.0
  com.unity.shadergraph from version 14.0.11 to 17.5.0
  com.unity.timeline from version 1.7.6 to 1.8.12
  com.unity.ugui from version 1.0.0 to 2.5.0
  com.unity.visualeffectgraph from version 14.0.11 to 17.5.0
  com.unity.xr.interaction.toolkit from version 2.5.3 to 3.5.1
  com.unity.xr.management from version 4.5.2 to 4.5.4
The following packages were removed:
  com.unity.2d.ik@5.0.2
  com.unity.textmeshpro@3.0.6

=== Sat Aug 22 17:12:31 2026

Packages were changed.
Update Mode: updateDependencies

The following packages were added:
  com.unity.2d.sprite@1.0.0
  com.unity.2d.tilemap@1.0.0
  com.unity.analytics@3.8.2
  com.unity.collab-proxy@2.13.6
  com.unity.ide.rider@3.0.38
  com.unity.ide.visualstudio@2.0.26
  com.unity.modules.adaptiveperformance@1.0.0
  com.unity.modules.ai@1.0.0
  com.unity.modules.androidjni@1.0.0
  com.unity.modules.animation@1.0.0
  com.unity.modules.assetbundle@1.0.0
  com.unity.modules.audio@1.0.0
  com.unity.modules.cloth@1.0.0
  com.unity.modules.director@1.0.0
  com.unity.modules.imageconversion@1.0.0
  com.unity.modules.imgui@1.0.0
  com.unity.modules.jsonserialize@1.0.0
  com.unity.modules.particlesystem@1.0.0
  com.unity.modules.physics@1.0.0
  com.unity.modules.physics2d@1.0.0
  com.unity.modules.physicscore2d@1.0.0
  com.unity.modules.screencapture@1.0.0
  com.unity.modules.terrain@1.0.0
  com.unity.modules.terrainphysics@1.0.0
  com.unity.modules.tilemap@1.0.0
  com.unity.modules.ui@1.0.0
  com.unity.modules.uielements@1.0.0
  com.unity.modules.umbra@1.0.0
  com.unity.modules.unityanalytics@1.0.0
  com.unity.modules.unitywebrequest@1.0.0
  com.unity.modules.unitywebrequestassetbundle@1.0.0
  com.unity.modules.unitywebrequestaudio@1.0.0
  com.unity.modules.unitywebrequesttexture@1.0.0
  com.unity.modules.unitywebrequestwww@1.0.0
  com.unity.modules.vectorgraphics@1.0.0
  com.unity.modules.vehicles@1.0.0
  com.unity.modules.video@1.0.0
  com.unity.modules.wind@1.0.0
  com.unity.modules.xr@1.0.0
  com.unity.purchasing@4.15.1
  com.unity.test-framework@1.7.0
  com.unity.timeline@1.8.12
  com.unity.xr.legacyinputhelpers@3.0.1
  com.unity.ai.navigation@2.0.14
  com.unity.modules.accessibility@1.0.0
  com.unity.multiplayer.center@1.0.1
The following packages were updated:
  com.unity.inputsystem from version 1.7.0 to 1.20.0
  com.unity.ugui from version 1.0.0 to 2.5.0
  com.unity.render-pipelines.universal from version 17.0.3 to 17.5.0
  com.unity.shadergraph from version 17.0.3 to 17.5.0
  com.unity.burst from version 1.8.18 to 1.8.30
  com.unity.collections from version 2.5.1 to 6.5.0
  com.unity.mathematics from version 1.3.2 to 1.4.0
  com.unity.nuget.newtonsoft-json from version 3.2.1 to 3.2.2
The following packages were removed:
  com.unity.textmeshpro@3.0.6

=== Sat Aug 22 17:40:43 2026

Packages were changed.
Update Mode: updateDependencies

The following packages were added:
  com.unity.2d.sprite@1.0.0
  com.unity.2d.tilemap@1.0.0
  com.unity.analytics@3.8.2
  com.unity.collab-proxy@2.13.6
  com.unity.ide.rider@3.0.38
  com.unity.ide.visualstudio@2.0.26
  com.unity.modules.adaptiveperformance@1.0.0
  com.unity.modules.ai@1.0.0
  com.unity.modules.androidjni@1.0.0
  com.unity.modules.animation@1.0.0
  com.unity.modules.assetbundle@1.0.0
  com.unity.modules.audio@1.0.0
  com.unity.modules.cloth@1.0.0
  com.unity.modules.director@1.0.0
  com.unity.modules.imageconversion@1.0.0
  com.unity.modules.imgui@1.0.0
  com.unity.modules.jsonserialize@1.0.0
  com.unity.modules.particlesystem@1.0.0
  com.unity.modules.physics@1.0.0
  com.unity.modules.physics2d@1.0.0
  com.unity.modules.physicscore2d@1.0.0
  com.unity.modules.screencapture@1.0.0
  com.unity.modules.terrain@1.0.0
  com.unity.modules.terrainphysics@1.0.0
  com.unity.modules.tilemap@1.0.0
  com.unity.modules.ui@1.0.0
  com.unity.modules.uielements@1.0.0
  com.unity.modules.umbra@1.0.0
  com.unity.modules.unityanalytics@1.0.0
  com.unity.modules.unitywebrequest@1.0.0
  com.unity.modules.unitywebrequestassetbundle@1.0.0
  com.unity.modules.unitywebrequestaudio@1.0.0
  com.unity.modules.unitywebrequesttexture@1.0.0
  com.unity.modules.unitywebrequestwww@1.0.0
  com.unity.modules.vectorgraphics@1.0.0
  com.unity.modules.vehicles@1.0.0
  com.unity.modules.video@1.0.0
  com.unity.modules.wind@1.0.0
  com.unity.modules.xr@1.0.0
  com.unity.purchasing@4.15.1
  com.unity.test-framework@1.7.0
  com.unity.timeline@1.8.12
  com.unity.xr.legacyinputhelpers@3.0.1
  com.unity.ai.navigation@2.0.14
  com.unity.modules.accessibility@1.0.0
  com.unity.multiplayer.center@1.0.1
The following packages were updated:
  com.unity.inputsystem from version 1.8.2 to 1.20.0
  com.unity.ugui from version 2.0.0 to 2.5.0
  com.unity.burst from version 1.8.18 to 1.8.30
  com.unity.collections from version 2.5.1 to 6.5.0
  com.unity.mathematics from version 1.3.2 to 1.4.0
  com.unity.nuget.newtonsoft-json from version 3.2.1 to 3.2.2
The following packages were removed:
  com.unity.textmeshpro@3.2.0-pre.12
